// Jest Snapshot v1, https://goo.gl/fbAQLP

exports[`Gallery Component matches snapshot 1`] = `
<Wrapper
  id="gallery"
>
  <Container>
    <HeadingText>
      Gallery
    </HeadingText>
    <Text>
      Nullam scelerisque, quam nec iaculis vulputate, arcu ligula sollicitudin nisl, ac volutpat erat nulla a arcu.
    </Text>
    <GalleryContainer>
      <Card>
        <Info>
          <Heading>
            heading
          </Heading>
          <CardText>
            Lorem ipsum dolor sit amet consectetur adipisicing elit.
          </CardText>
          <Button>
            Full Post
          </Button>
        </Info>
        <ImageContainer>
          <Image
            alt="Cherries"
            src="cherries-2402449_640-min.jpg"
          />
        </ImageContainer>
      </Card>
      <Card>
        <Info>
          <Heading>
            heading
          </Heading>
          <CardText>
            Lorem ipsum dolor sit amet consectetur adipisicing elit.
          </CardText>
          <Button>
            Full Post
          </Button>
        </Info>
        <ImageContainer>
          <Image
            alt="Cherries"
            src="cherries-2402449_640-min.jpg"
          />
        </ImageContainer>
      </Card>
      <Card>
        <Info>
          <Heading>
            heading
          </Heading>
          <CardText>
            Lorem ipsum dolor sit amet consectetur adipisicing elit.
          </CardText>
          <Button>
            Full Post
          </Button>
        </Info>
        <ImageContainer>
          <Image
            alt="Cherries"
            src="cherries-2402449_640-min.jpg"
          />
        </ImageContainer>
      </Card>
      <Card>
        <Info>
          <Heading>
            heading
          </Heading>
          <CardText>
            Lorem ipsum dolor sit amet consectetur adipisicing elit.
          </CardText>
          <Button>
            Full Post
          </Button>
        </Info>
        <ImageContainer>
          <Image
            alt="Cherries"
            src="cherries-2402449_640-min.jpg"
          />
        </ImageContainer>
      </Card>
    </GalleryContainer>
  </Container>
</Wrapper>
`;
