// Jest Snapshot v1, https://goo.gl/fbAQLP

exports[`App Component matches snapshot 1`] = `
<div>
  <NavBar
    activeNav="home"
  />
  <Hero />
  <Waypoint
    bottomOffset="0px"
    fireOnRapidScroll={true}
    horizontal={false}
    onEnter={[Function]}
    onLeave={[Function]}
    onPositionChange={[Function]}
    topOffset={100}
  />
  <About />
  <TeamCarousel />
  <Waypoint
    bottomOffset="0px"
    fireOnRapidScroll={true}
    horizontal={false}
    onEnter={[Function]}
    onLeave={[Function]}
    onPositionChange={[Function]}
    topOffset={100}
  />
  <Gallery />
  <Waypoint
    bottomOffset="0px"
    fireOnRapidScroll={true}
    horizontal={false}
    onEnter={[Function]}
    onLeave={[Function]}
    onPositionChange={[Function]}
    topOffset={100}
  />
  <Contact />
  <Waypoint
    bottomOffset="0px"
    fireOnRapidScroll={true}
    horizontal={false}
    onEnter={[Function]}
    onLeave={[Function]}
    onPositionChange={[Function]}
    topOffset={100}
  />
  <Footer />
</div>
`;
